// Jest Snapshot v1, https://goo.gl/fbAQLP

exports[`<SubHeader /> Snapshot Deve corresponder ao Snapshot 1`] = `
Object {
  "asFragment": [Function],
  "baseElement": <body>
    <div>
      <nav
        class="styles__Wrapper-sc-7jbcpa-0 hYqiAJ"
      >
        <div
          class="MuiContainer-root MuiContainer-maxWidthLg css-1oqqzyl-MuiContainer-root"
        >
          <div
            class="MuiBox-root css-k008qs"
          >
            <span
              class="styles__Button-sc-7jbcpa-1 ipcWGP"
            >
              <h6
                class="MuiTypography-root MuiTypography-subtitle2 css-ati914-MuiTypography-root"
              >
                Overview
              </h6>
            </span>
            <span
              class="styles__Button-sc-7jbcpa-1 iYDoZS"
            >
              <h6
                class="MuiTypography-root MuiTypography-subtitle2 css-ati914-MuiTypography-root"
              >
                Medidas
              </h6>
            </span>
            <span
              class="styles__Button-sc-7jbcpa-1 iYDoZS"
            >
              <h6
                class="MuiTypography-root MuiTypography-subtitle2 css-ati914-MuiTypography-root"
              >
                Métricas
              </h6>
            </span>
          </div>
        </div>
      </nav>
    </div>
  </body>,
  "container": <div>
    <nav
      class="styles__Wrapper-sc-7jbcpa-0 hYqiAJ"
    >
      <div
        class="MuiContainer-root MuiContainer-maxWidthLg css-1oqqzyl-MuiContainer-root"
      >
        <div
          class="MuiBox-root css-k008qs"
        >
          <span
            class="styles__Button-sc-7jbcpa-1 ipcWGP"
          >
            <h6
              class="MuiTypography-root MuiTypography-subtitle2 css-ati914-MuiTypography-root"
            >
              Overview
            </h6>
          </span>
          <span
            class="styles__Button-sc-7jbcpa-1 iYDoZS"
          >
            <h6
              class="MuiTypography-root MuiTypography-subtitle2 css-ati914-MuiTypography-root"
            >
              Medidas
            </h6>
          </span>
          <span
            class="styles__Button-sc-7jbcpa-1 iYDoZS"
          >
            <h6
              class="MuiTypography-root MuiTypography-subtitle2 css-ati914-MuiTypography-root"
            >
              Métricas
            </h6>
          </span>
        </div>
      </div>
    </nav>
  </div>,
  "debug": [Function],
  "findAllByAltText": [Function],
  "findAllByDisplayValue": [Function],
  "findAllByLabelText": [Function],
  "findAllByPlaceholderText": [Function],
  "findAllByRole": [Function],
  "findAllByTestId": [Function],
  "findAllByText": [Function],
  "findAllByTitle": [Function],
  "findByAltText": [Function],
  "findByDisplayValue": [Function],
  "findByLabelText": [Function],
  "findByPlaceholderText": [Function],
  "findByRole": [Function],
  "findByTestId": [Function],
  "findByText": [Function],
  "findByTitle": [Function],
  "getAllByAltText": [Function],
  "getAllByDisplayValue": [Function],
  "getAllByLabelText": [Function],
  "getAllByPlaceholderText": [Function],
  "getAllByRole": [Function],
  "getAllByTestId": [Function],
  "getAllByText": [Function],
  "getAllByTitle": [Function],
  "getByAltText": [Function],
  "getByDisplayValue": [Function],
  "getByLabelText": [Function],
  "getByPlaceholderText": [Function],
  "getByRole": [Function],
  "getByTestId": [Function],
  "getByText": [Function],
  "getByTitle": [Function],
  "queryAllByAltText": [Function],
  "queryAllByDisplayValue": [Function],
  "queryAllByLabelText": [Function],
  "queryAllByPlaceholderText": [Function],
  "queryAllByRole": [Function],
  "queryAllByTestId": [Function],
  "queryAllByText": [Function],
  "queryAllByTitle": [Function],
  "queryByAltText": [Function],
  "queryByDisplayValue": [Function],
  "queryByLabelText": [Function],
  "queryByPlaceholderText": [Function],
  "queryByRole": [Function],
  "queryByTestId": [Function],
  "queryByText": [Function],
  "queryByTitle": [Function],
  "rerender": [Function],
  "unmount": [Function],
}
`;
