// Jest Snapshot v1, https://goo.gl/fbAQLP

exports[`<FirstReleaseWarning /> Deve corresponder ao snapshot 1`] = `
Object {
  "asFragment": [Function],
  "baseElement": <body>
    <div>
      <div
        class="styles__Header-sc-1eodkkx-0 eTclVL"
      >
        <h1>
          Planejar Release
        </h1>
      </div>
      <div
        class="styles__Body-sc-1eodkkx-1 fVtKFn"
      >
        <p>
          Por ser a primeira release do seu projeto, será disponibilizada a seguir uma pré-configuração base gerada pelo sistema.
        </p>
         
        <p>
          Caso deseje, existe a opção de fazer alterações em cada tela, utilizando o botão correspondente para ativar ou desativar a edição daquela configuração específica. Dessa forma, é possível personalizar a pré-configuração de acordo com suas necessidades.
        </p>
      </div>
    </div>
  </body>,
  "container": <div>
    <div
      class="styles__Header-sc-1eodkkx-0 eTclVL"
    >
      <h1>
        Planejar Release
      </h1>
    </div>
    <div
      class="styles__Body-sc-1eodkkx-1 fVtKFn"
    >
      <p>
        Por ser a primeira release do seu projeto, será disponibilizada a seguir uma pré-configuração base gerada pelo sistema.
      </p>
       
      <p>
        Caso deseje, existe a opção de fazer alterações em cada tela, utilizando o botão correspondente para ativar ou desativar a edição daquela configuração específica. Dessa forma, é possível personalizar a pré-configuração de acordo com suas necessidades.
      </p>
    </div>
  </div>,
  "debug": [Function],
  "findAllByAltText": [Function],
  "findAllByDisplayValue": [Function],
  "findAllByLabelText": [Function],
  "findAllByPlaceholderText": [Function],
  "findAllByRole": [Function],
  "findAllByTestId": [Function],
  "findAllByText": [Function],
  "findAllByTitle": [Function],
  "findByAltText": [Function],
  "findByDisplayValue": [Function],
  "findByLabelText": [Function],
  "findByPlaceholderText": [Function],
  "findByRole": [Function],
  "findByTestId": [Function],
  "findByText": [Function],
  "findByTitle": [Function],
  "getAllByAltText": [Function],
  "getAllByDisplayValue": [Function],
  "getAllByLabelText": [Function],
  "getAllByPlaceholderText": [Function],
  "getAllByRole": [Function],
  "getAllByTestId": [Function],
  "getAllByText": [Function],
  "getAllByTitle": [Function],
  "getByAltText": [Function],
  "getByDisplayValue": [Function],
  "getByLabelText": [Function],
  "getByPlaceholderText": [Function],
  "getByRole": [Function],
  "getByTestId": [Function],
  "getByText": [Function],
  "getByTitle": [Function],
  "queryAllByAltText": [Function],
  "queryAllByDisplayValue": [Function],
  "queryAllByLabelText": [Function],
  "queryAllByPlaceholderText": [Function],
  "queryAllByRole": [Function],
  "queryAllByTestId": [Function],
  "queryAllByText": [Function],
  "queryAllByTitle": [Function],
  "queryByAltText": [Function],
  "queryByDisplayValue": [Function],
  "queryByLabelText": [Function],
  "queryByPlaceholderText": [Function],
  "queryByRole": [Function],
  "queryByTestId": [Function],
  "queryByText": [Function],
  "queryByTitle": [Function],
  "rerender": [Function],
  "unmount": [Function],
}
`;
