// Jest Snapshot v1, https://goo.gl/fbAQLP

exports[`<ConfigPage /> Snapshot Deve corresponder ao Snapshot 1`] = `
Object {
  "asFragment": [Function],
  "baseElement": <body
    style="padding-right: 1024px; overflow: hidden;"
  >
    <div
      aria-hidden="true"
    />
    <div
      class="MuiDrawer-root MuiDrawer-modal MuiModal-root css-1u2w381-MuiModal-root-MuiDrawer-root"
      role="presentation"
    >
      <div
        aria-hidden="true"
        class="MuiBackdrop-root css-i9fmh8-MuiBackdrop-root-MuiModal-backdrop"
        style="opacity: 1; webkit-transition: opacity 225ms cubic-bezier(0.4, 0, 0.2, 1) 0ms; transition: opacity 225ms cubic-bezier(0.4, 0, 0.2, 1) 0ms;"
      />
      <div
        data-test="sentinelStart"
        tabindex="0"
      />
      <div
        class="MuiPaper-root MuiPaper-elevation MuiPaper-elevation16 MuiDrawer-paper MuiDrawer-paperAnchorRight css-1160xiw-MuiPaper-root-MuiDrawer-paper"
        tabindex="-1"
      >
        <div
          class="MuiBox-root css-1m45ylu"
        >
          <div
            class="styles__ScrollDiv-sc-1casz44-0 hQdqmM"
          >
            <div
              class="MuiBox-root css-i63f07"
            >
              <h3
                class="MuiTypography-root MuiTypography-h3 css-gepadz-MuiTypography-root"
              >
                Preencher pré configurações
              </h3>
              <p
                class="MuiTypography-root MuiTypography-body1 css-2vzer3-MuiTypography-root"
              >
                Por meio da pré-configuração que é definido quais características, subcaracterísticas e medidas serão consideradas para mensurar a qualidade do software analisado. Na pré-configuração também é definido os pesos de cada uma das entidades definidas.
              </p>
            </div>
            <h6
              class="MuiTypography-root MuiTypography-h6 css-1sqg2sd-MuiTypography-root"
            >
              Test
            </h6>
            <div
              class="MuiBox-root css-1spiuho"
            >
              <h6
                class="MuiTypography-root MuiTypography-h6 css-1mo68eo-MuiTypography-root"
              >
                Preencher pré configurações
              </h6>
              <div
                class="MuiGrid-root MuiGrid-container css-1ruddsm-MuiGrid-root"
              >
                <div
                  class="MuiGrid-root MuiGrid-item css-13i4rnv-MuiGrid-root"
                >
                  <div
                    style="margin-right: 8px;"
                  >
                    <input
                      name="reliability"
                      style="position: absolute; opacity: 0;"
                      type="checkbox"
                    />
                    <button
                      class="MuiButton-root MuiButton-outlined MuiButton-outlinedPrimary MuiButton-sizeMedium MuiButton-outlinedSizeMedium MuiButtonBase-root  css-1g55nxw-MuiButtonBase-root-MuiButton-root"
                      tabindex="0"
                      type="button"
                    >
                      reliability
                      <span
                        class="MuiTouchRipple-root css-8je8zh-MuiTouchRipple-root"
                      />
                    </button>
                  </div>
                </div>
                <div
                  class="MuiGrid-root MuiGrid-item css-13i4rnv-MuiGrid-root"
                >
                  <div
                    style="margin-right: 8px;"
                  >
                    <input
                      name="maintainability"
                      style="position: absolute; opacity: 0;"
                      type="checkbox"
                    />
                    <button
                      class="MuiButton-root MuiButton-outlined MuiButton-outlinedPrimary MuiButton-sizeMedium MuiButton-outlinedSizeMedium MuiButtonBase-root  css-1g55nxw-MuiButtonBase-root-MuiButton-root"
                      tabindex="0"
                      type="button"
                    >
                      maintainability
                      <span
                        class="MuiTouchRipple-root css-8je8zh-MuiTouchRipple-root"
                      />
                    </button>
                  </div>
                </div>
              </div>
              <div
                class="MuiBox-root css-0"
              />
            </div>
          </div>
          <div
            class="MuiBox-root css-1yuhvjn"
          >
            <button
              class="MuiButton-root MuiButton-text MuiButton-textPrimary MuiButton-sizeMedium MuiButton-textSizeMedium MuiButtonBase-root  css-xhc9az-MuiButtonBase-root-MuiButton-root"
              tabindex="0"
              type="button"
            >
              Cancelar
              <span
                class="MuiTouchRipple-root css-8je8zh-MuiTouchRipple-root"
              />
            </button>
            <button
              class="MuiButton-root MuiButton-text MuiButton-textPrimary MuiButton-sizeMedium MuiButton-textSizeMedium MuiButtonBase-root Mui-disabled  css-1k0jm3l-MuiButtonBase-root-MuiButton-root"
              disabled=""
              tabindex="-1"
              type="button"
            >
              Retornar
            </button>
            <button
              class="MuiButton-root MuiButton-outlined MuiButton-outlinedPrimary MuiButton-sizeMedium MuiButton-outlinedSizeMedium MuiButtonBase-root Mui-disabled  css-1stbjoq-MuiButtonBase-root-MuiButton-root"
              disabled=""
              tabindex="-1"
              type="button"
            >
              Avançar
            </button>
          </div>
        </div>
      </div>
      <div
        data-test="sentinelEnd"
        tabindex="0"
      />
    </div>
  </body>,
  "container": <div
    aria-hidden="true"
  />,
  "debug": [Function],
  "findAllByAltText": [Function],
  "findAllByDisplayValue": [Function],
  "findAllByLabelText": [Function],
  "findAllByPlaceholderText": [Function],
  "findAllByRole": [Function],
  "findAllByTestId": [Function],
  "findAllByText": [Function],
  "findAllByTitle": [Function],
  "findByAltText": [Function],
  "findByDisplayValue": [Function],
  "findByLabelText": [Function],
  "findByPlaceholderText": [Function],
  "findByRole": [Function],
  "findByTestId": [Function],
  "findByText": [Function],
  "findByTitle": [Function],
  "getAllByAltText": [Function],
  "getAllByDisplayValue": [Function],
  "getAllByLabelText": [Function],
  "getAllByPlaceholderText": [Function],
  "getAllByRole": [Function],
  "getAllByTestId": [Function],
  "getAllByText": [Function],
  "getAllByTitle": [Function],
  "getByAltText": [Function],
  "getByDisplayValue": [Function],
  "getByLabelText": [Function],
  "getByPlaceholderText": [Function],
  "getByRole": [Function],
  "getByTestId": [Function],
  "getByText": [Function],
  "getByTitle": [Function],
  "queryAllByAltText": [Function],
  "queryAllByDisplayValue": [Function],
  "queryAllByLabelText": [Function],
  "queryAllByPlaceholderText": [Function],
  "queryAllByRole": [Function],
  "queryAllByTestId": [Function],
  "queryAllByText": [Function],
  "queryAllByTitle": [Function],
  "queryByAltText": [Function],
  "queryByDisplayValue": [Function],
  "queryByLabelText": [Function],
  "queryByPlaceholderText": [Function],
  "queryByRole": [Function],
  "queryByTestId": [Function],
  "queryByText": [Function],
  "queryByTitle": [Function],
  "rerender": [Function],
  "unmount": [Function],
}
`;
