// Jest Snapshot v1, https://goo.gl/fbAQLP

exports[`<Equalizer /> Snapshot Deve corresponder ao Snapshot 1`] = `
Object {
  "asFragment": [Function],
  "baseElement": <body>
    <div>
      <div
        class="MuiBox-root css-ckc6o3"
      >
        <div
          class="MuiBox-root css-t0lfuy"
        >
          <div
            class="MuiBox-root css-xi606m"
          >
            <div
              class="MuiBox-root css-vycneo"
            >
              <input
                data-testid="single-slider"
                max="100"
                min="0"
                type="range"
              />
            </div>
            <p
              class=""
              data-mui-internal-clone-element="true"
            >
              C
              1
            </p>
          </div>
          <div
            class="MuiBox-root css-xi606m"
          >
            <div
              class="MuiBox-root css-vycneo"
            >
              <input
                data-testid="single-slider"
                max="100"
                min="0"
                type="range"
              />
            </div>
            <p
              class=""
              data-mui-internal-clone-element="true"
            >
              C
              2
            </p>
          </div>
        </div>
        <div
          class="styles__Labels-sc-1fexhzx-0 kyDTDD"
        >
          <p
            data-testid="label"
          >
            C
            1
            : 
            reliability
          </p>
          <p
            data-testid="label"
          >
            C
            2
            : 
            maintainability
          </p>
        </div>
      </div>
    </div>
  </body>,
  "container": <div>
    <div
      class="MuiBox-root css-ckc6o3"
    >
      <div
        class="MuiBox-root css-t0lfuy"
      >
        <div
          class="MuiBox-root css-xi606m"
        >
          <div
            class="MuiBox-root css-vycneo"
          >
            <input
              data-testid="single-slider"
              max="100"
              min="0"
              type="range"
            />
          </div>
          <p
            class=""
            data-mui-internal-clone-element="true"
          >
            C
            1
          </p>
        </div>
        <div
          class="MuiBox-root css-xi606m"
        >
          <div
            class="MuiBox-root css-vycneo"
          >
            <input
              data-testid="single-slider"
              max="100"
              min="0"
              type="range"
            />
          </div>
          <p
            class=""
            data-mui-internal-clone-element="true"
          >
            C
            2
          </p>
        </div>
      </div>
      <div
        class="styles__Labels-sc-1fexhzx-0 kyDTDD"
      >
        <p
          data-testid="label"
        >
          C
          1
          : 
          reliability
        </p>
        <p
          data-testid="label"
        >
          C
          2
          : 
          maintainability
        </p>
      </div>
    </div>
  </div>,
  "debug": [Function],
  "findAllByAltText": [Function],
  "findAllByDisplayValue": [Function],
  "findAllByLabelText": [Function],
  "findAllByPlaceholderText": [Function],
  "findAllByRole": [Function],
  "findAllByTestId": [Function],
  "findAllByText": [Function],
  "findAllByTitle": [Function],
  "findByAltText": [Function],
  "findByDisplayValue": [Function],
  "findByLabelText": [Function],
  "findByPlaceholderText": [Function],
  "findByRole": [Function],
  "findByTestId": [Function],
  "findByText": [Function],
  "findByTitle": [Function],
  "getAllByAltText": [Function],
  "getAllByDisplayValue": [Function],
  "getAllByLabelText": [Function],
  "getAllByPlaceholderText": [Function],
  "getAllByRole": [Function],
  "getAllByTestId": [Function],
  "getAllByText": [Function],
  "getAllByTitle": [Function],
  "getByAltText": [Function],
  "getByDisplayValue": [Function],
  "getByLabelText": [Function],
  "getByPlaceholderText": [Function],
  "getByRole": [Function],
  "getByTestId": [Function],
  "getByText": [Function],
  "getByTitle": [Function],
  "queryAllByAltText": [Function],
  "queryAllByDisplayValue": [Function],
  "queryAllByLabelText": [Function],
  "queryAllByPlaceholderText": [Function],
  "queryAllByRole": [Function],
  "queryAllByTestId": [Function],
  "queryAllByText": [Function],
  "queryAllByTitle": [Function],
  "queryByAltText": [Function],
  "queryByDisplayValue": [Function],
  "queryByLabelText": [Function],
  "queryByPlaceholderText": [Function],
  "queryByRole": [Function],
  "queryByTestId": [Function],
  "queryByText": [Function],
  "queryByTitle": [Function],
  "rerender": [Function],
  "unmount": [Function],
}
`;
