// Jest Snapshot v1, https://goo.gl/fbAQLP

exports[`Repository Snapshot Deve corresponder ao Snapshot 1`] = `
Object {
  "asFragment": [Function],
  "baseElement": <body>
    <div>
      <div
        class="MuiBox-root css-kzcie9"
      >
        <div
          class="styles__FilterBackground-sc-n9f0ab-0 gJDcCB"
        >
          <div
            class="MuiBox-root css-11dhwbz"
          >
            <div>
              <button
                class="styles__FiltersTitle-sc-1ywle5j-0 ePgPyn"
              >
                <svg
                  aria-hidden="true"
                  class="MuiSvgIcon-root MuiSvgIcon-fontSizeMedium css-i4bv87-MuiSvgIcon-root"
                  data-testid="ExpandCircleDownIcon"
                  focusable="false"
                  viewBox="0 0 24 24"
                >
                  <path
                    d="M12 2C6.48 2 2 6.48 2 12s4.48 10 10 10 10-4.48 10-10S17.52 2 12 2zm0 13.5L7.5 11l1.42-1.41L12 12.67l3.08-3.08L16.5 11 12 15.5z"
                  />
                </svg>
                <span>
                  CARACTERÍSTICAS
                </span>
              </button>
              <div
                class="styles__OptionContainer-sc-1ywle5j-1 MuiBox-root css-j7qwjs"
              />
            </div>
            <div>
              <button
                class="styles__FiltersTitle-sc-1ywle5j-0 ePgPyn"
              >
                <svg
                  aria-hidden="true"
                  class="MuiSvgIcon-root MuiSvgIcon-fontSizeMedium css-i4bv87-MuiSvgIcon-root"
                  data-testid="ExpandCircleDownIcon"
                  focusable="false"
                  viewBox="0 0 24 24"
                >
                  <path
                    d="M12 2C6.48 2 2 6.48 2 12s4.48 10 10 10 10-4.48 10-10S17.52 2 12 2zm0 13.5L7.5 11l1.42-1.41L12 12.67l3.08-3.08L16.5 11 12 15.5z"
                  />
                </svg>
                <span>
                  SUB CARACTERÍSTICAS
                </span>
              </button>
              <div
                class="styles__OptionContainer-sc-1ywle5j-1 MuiBox-root css-j7qwjs"
              />
            </div>
          </div>
        </div>
        <div
          class="MuiContainer-root MuiContainer-maxWidthLg css-1oqqzyl-MuiContainer-root"
        >
          <div
            class="MuiBox-root css-1ofqig9"
          >
            <div
              class="MuiBox-root css-10bo7nf"
            >
              <div
                class="MuiBox-root css-k008qs"
              >
                <h4
                  class="MuiTypography-root MuiTypography-h4 css-obdthj-MuiTypography-root"
                >
                  Repositório
                </h4>
                <h4
                  class="MuiTypography-root MuiTypography-h4 css-1yvpk5c-MuiTypography-root"
                />
              </div>
              <span
                class="MuiTypography-root MuiTypography-caption css-qkcnm0-MuiTypography-root"
              />
            </div>
          </div>
        </div>
      </div>
    </div>
  </body>,
  "container": <div>
    <div
      class="MuiBox-root css-kzcie9"
    >
      <div
        class="styles__FilterBackground-sc-n9f0ab-0 gJDcCB"
      >
        <div
          class="MuiBox-root css-11dhwbz"
        >
          <div>
            <button
              class="styles__FiltersTitle-sc-1ywle5j-0 ePgPyn"
            >
              <svg
                aria-hidden="true"
                class="MuiSvgIcon-root MuiSvgIcon-fontSizeMedium css-i4bv87-MuiSvgIcon-root"
                data-testid="ExpandCircleDownIcon"
                focusable="false"
                viewBox="0 0 24 24"
              >
                <path
                  d="M12 2C6.48 2 2 6.48 2 12s4.48 10 10 10 10-4.48 10-10S17.52 2 12 2zm0 13.5L7.5 11l1.42-1.41L12 12.67l3.08-3.08L16.5 11 12 15.5z"
                />
              </svg>
              <span>
                CARACTERÍSTICAS
              </span>
            </button>
            <div
              class="styles__OptionContainer-sc-1ywle5j-1 MuiBox-root css-j7qwjs"
            />
          </div>
          <div>
            <button
              class="styles__FiltersTitle-sc-1ywle5j-0 ePgPyn"
            >
              <svg
                aria-hidden="true"
                class="MuiSvgIcon-root MuiSvgIcon-fontSizeMedium css-i4bv87-MuiSvgIcon-root"
                data-testid="ExpandCircleDownIcon"
                focusable="false"
                viewBox="0 0 24 24"
              >
                <path
                  d="M12 2C6.48 2 2 6.48 2 12s4.48 10 10 10 10-4.48 10-10S17.52 2 12 2zm0 13.5L7.5 11l1.42-1.41L12 12.67l3.08-3.08L16.5 11 12 15.5z"
                />
              </svg>
              <span>
                SUB CARACTERÍSTICAS
              </span>
            </button>
            <div
              class="styles__OptionContainer-sc-1ywle5j-1 MuiBox-root css-j7qwjs"
            />
          </div>
        </div>
      </div>
      <div
        class="MuiContainer-root MuiContainer-maxWidthLg css-1oqqzyl-MuiContainer-root"
      >
        <div
          class="MuiBox-root css-1ofqig9"
        >
          <div
            class="MuiBox-root css-10bo7nf"
          >
            <div
              class="MuiBox-root css-k008qs"
            >
              <h4
                class="MuiTypography-root MuiTypography-h4 css-obdthj-MuiTypography-root"
              >
                Repositório
              </h4>
              <h4
                class="MuiTypography-root MuiTypography-h4 css-1yvpk5c-MuiTypography-root"
              />
            </div>
            <span
              class="MuiTypography-root MuiTypography-caption css-qkcnm0-MuiTypography-root"
            />
          </div>
        </div>
      </div>
    </div>
  </div>,
  "debug": [Function],
  "findAllByAltText": [Function],
  "findAllByDisplayValue": [Function],
  "findAllByLabelText": [Function],
  "findAllByPlaceholderText": [Function],
  "findAllByRole": [Function],
  "findAllByTestId": [Function],
  "findAllByText": [Function],
  "findAllByTitle": [Function],
  "findByAltText": [Function],
  "findByDisplayValue": [Function],
  "findByLabelText": [Function],
  "findByPlaceholderText": [Function],
  "findByRole": [Function],
  "findByTestId": [Function],
  "findByText": [Function],
  "findByTitle": [Function],
  "getAllByAltText": [Function],
  "getAllByDisplayValue": [Function],
  "getAllByLabelText": [Function],
  "getAllByPlaceholderText": [Function],
  "getAllByRole": [Function],
  "getAllByTestId": [Function],
  "getAllByText": [Function],
  "getAllByTitle": [Function],
  "getByAltText": [Function],
  "getByDisplayValue": [Function],
  "getByLabelText": [Function],
  "getByPlaceholderText": [Function],
  "getByRole": [Function],
  "getByTestId": [Function],
  "getByText": [Function],
  "getByTitle": [Function],
  "queryAllByAltText": [Function],
  "queryAllByDisplayValue": [Function],
  "queryAllByLabelText": [Function],
  "queryAllByPlaceholderText": [Function],
  "queryAllByRole": [Function],
  "queryAllByTestId": [Function],
  "queryAllByText": [Function],
  "queryAllByTitle": [Function],
  "queryByAltText": [Function],
  "queryByDisplayValue": [Function],
  "queryByLabelText": [Function],
  "queryByPlaceholderText": [Function],
  "queryByRole": [Function],
  "queryByTestId": [Function],
  "queryByText": [Function],
  "queryByTitle": [Function],
  "rerender": [Function],
  "unmount": [Function],
}
`;
