// Jest Snapshot v1, https://goo.gl/fbAQLP

exports[`<ThresholdConfig /> Snapshot Deve chamar a função setCheckboxValues ao clicar na checkbox 1`] = `
Object {
  "asFragment": [Function],
  "baseElement": <body>
    <div>
      <div
        class="MuiBox-root css-1i9whfo"
      >
        <h4
          class="MuiTypography-root MuiTypography-h4 css-pxw7rc-MuiTypography-root"
        >
          Definir os valores de referência mínimo e máximo
        </h4>
        <p
          class="MuiTypography-root MuiTypography-body1 css-z2eky3-MuiTypography-root"
        >
          Os valores de referência afetam como algumas medidas são calculadas. Aluns deles não podem ser modificados. Para mais detalhes veja a documentação disponível em Link
        </p>
        <div
          class="MuiTabs-root css-1ujnqem-MuiTabs-root"
          style="margin-bottom: 24px;"
        >
          <div
            class="MuiTabs-scroller MuiTabs-fixed css-jpln7h-MuiTabs-scroller"
            style="overflow: hidden; margin-bottom: 0px;"
          >
            <div
              class="MuiTabs-flexContainer css-heg063-MuiTabs-flexContainer"
              role="tablist"
            >
              <button
                aria-selected="true"
                class="MuiButtonBase-root MuiTab-root MuiTab-textColorPrimary Mui-selected css-1h9z7r5-MuiButtonBase-root-MuiTab-root"
                role="tab"
                tabindex="0"
                type="button"
              >
                subcharacteristic1
                <span
                  class="MuiTouchRipple-root css-8je8zh-MuiTouchRipple-root"
                />
              </button>
            </div>
            <span
              class="MuiTabs-indicator css-1aquho2-MuiTabs-indicator"
              style="left: 0px; width: 0px;"
            />
          </div>
        </div>
        <div
          class="MuiGrid-root MuiGrid-container css-s3g6yz-MuiGrid-root"
        >
          <div
            class="MuiGrid-root MuiGrid-item css-13i4rnv-MuiGrid-root"
          >
            <div
              style="margin-right: 8px; margin-bottom: 10px;"
            >
              <input
                checked=""
                name="measure1"
                style="position: absolute; opacity: 0;"
                type="checkbox"
              />
              <button
                class="MuiButtonBase-root MuiButton-root MuiButton-outlined MuiButton-outlinedPrimary MuiButton-sizeMedium MuiButton-outlinedSizeMedium MuiButton-root MuiButton-outlined MuiButton-outlinedPrimary MuiButton-sizeMedium MuiButton-outlinedSizeMedium css-1cfee4v-MuiButtonBase-root-MuiButton-root"
                tabindex="0"
                type="button"
              >
                measure1
                <span
                  class="MuiTouchRipple-root css-8je8zh-MuiTouchRipple-root"
                />
              </button>
            </div>
          </div>
          <div
            class="MuiGrid-root MuiGrid-item css-13i4rnv-MuiGrid-root"
          >
            <div
              style="margin-right: 8px; margin-bottom: 10px;"
            >
              <input
                name="measure2"
                style="position: absolute; opacity: 0;"
                type="checkbox"
              />
              <button
                class="MuiButtonBase-root MuiButton-root MuiButton-outlined MuiButton-outlinedPrimary MuiButton-sizeMedium MuiButton-outlinedSizeMedium MuiButton-root MuiButton-outlined MuiButton-outlinedPrimary MuiButton-sizeMedium MuiButton-outlinedSizeMedium css-cjtmh9-MuiButtonBase-root-MuiButton-root"
                tabindex="0"
                type="button"
              >
                measure2
                <span
                  class="MuiTouchRipple-root css-8je8zh-MuiTouchRipple-root"
                />
              </button>
            </div>
          </div>
        </div>
        <div
          class="MuiGrid-root MuiGrid-container css-11lq3yg-MuiGrid-root"
        >
          <div
            class="MuiGrid-root MuiGrid-item MuiGrid-grid-xs-1 css-1osj8n2-MuiGrid-root"
          >
            <p
              class="MuiTypography-root MuiTypography-body1 css-1v2d8t3-MuiTypography-root"
            >
              Min
            </p>
          </div>
          <div
            class="MuiGrid-root MuiGrid-item MuiGrid-grid-xs-1 css-1osj8n2-MuiGrid-root"
          >
            <p
              class="MuiTypography-root MuiTypography-body1 css-f8hnn-MuiTypography-root"
            >
              Max
            </p>
          </div>
        </div>
        <div
          class="MuiBox-root css-1xn3edc"
        >
          <div>
            <input
              data-testid="threshold-slider"
              type="number"
            />
          </div>
        </div>
      </div>
    </div>
  </body>,
  "container": <div>
    <div
      class="MuiBox-root css-1i9whfo"
    >
      <h4
        class="MuiTypography-root MuiTypography-h4 css-pxw7rc-MuiTypography-root"
      >
        Definir os valores de referência mínimo e máximo
      </h4>
      <p
        class="MuiTypography-root MuiTypography-body1 css-z2eky3-MuiTypography-root"
      >
        Os valores de referência afetam como algumas medidas são calculadas. Aluns deles não podem ser modificados. Para mais detalhes veja a documentação disponível em Link
      </p>
      <div
        class="MuiTabs-root css-1ujnqem-MuiTabs-root"
        style="margin-bottom: 24px;"
      >
        <div
          class="MuiTabs-scroller MuiTabs-fixed css-jpln7h-MuiTabs-scroller"
          style="overflow: hidden; margin-bottom: 0px;"
        >
          <div
            class="MuiTabs-flexContainer css-heg063-MuiTabs-flexContainer"
            role="tablist"
          >
            <button
              aria-selected="true"
              class="MuiButtonBase-root MuiTab-root MuiTab-textColorPrimary Mui-selected css-1h9z7r5-MuiButtonBase-root-MuiTab-root"
              role="tab"
              tabindex="0"
              type="button"
            >
              subcharacteristic1
              <span
                class="MuiTouchRipple-root css-8je8zh-MuiTouchRipple-root"
              />
            </button>
          </div>
          <span
            class="MuiTabs-indicator css-1aquho2-MuiTabs-indicator"
            style="left: 0px; width: 0px;"
          />
        </div>
      </div>
      <div
        class="MuiGrid-root MuiGrid-container css-s3g6yz-MuiGrid-root"
      >
        <div
          class="MuiGrid-root MuiGrid-item css-13i4rnv-MuiGrid-root"
        >
          <div
            style="margin-right: 8px; margin-bottom: 10px;"
          >
            <input
              checked=""
              name="measure1"
              style="position: absolute; opacity: 0;"
              type="checkbox"
            />
            <button
              class="MuiButtonBase-root MuiButton-root MuiButton-outlined MuiButton-outlinedPrimary MuiButton-sizeMedium MuiButton-outlinedSizeMedium MuiButton-root MuiButton-outlined MuiButton-outlinedPrimary MuiButton-sizeMedium MuiButton-outlinedSizeMedium css-1cfee4v-MuiButtonBase-root-MuiButton-root"
              tabindex="0"
              type="button"
            >
              measure1
              <span
                class="MuiTouchRipple-root css-8je8zh-MuiTouchRipple-root"
              />
            </button>
          </div>
        </div>
        <div
          class="MuiGrid-root MuiGrid-item css-13i4rnv-MuiGrid-root"
        >
          <div
            style="margin-right: 8px; margin-bottom: 10px;"
          >
            <input
              name="measure2"
              style="position: absolute; opacity: 0;"
              type="checkbox"
            />
            <button
              class="MuiButtonBase-root MuiButton-root MuiButton-outlined MuiButton-outlinedPrimary MuiButton-sizeMedium MuiButton-outlinedSizeMedium MuiButton-root MuiButton-outlined MuiButton-outlinedPrimary MuiButton-sizeMedium MuiButton-outlinedSizeMedium css-cjtmh9-MuiButtonBase-root-MuiButton-root"
              tabindex="0"
              type="button"
            >
              measure2
              <span
                class="MuiTouchRipple-root css-8je8zh-MuiTouchRipple-root"
              />
            </button>
          </div>
        </div>
      </div>
      <div
        class="MuiGrid-root MuiGrid-container css-11lq3yg-MuiGrid-root"
      >
        <div
          class="MuiGrid-root MuiGrid-item MuiGrid-grid-xs-1 css-1osj8n2-MuiGrid-root"
        >
          <p
            class="MuiTypography-root MuiTypography-body1 css-1v2d8t3-MuiTypography-root"
          >
            Min
          </p>
        </div>
        <div
          class="MuiGrid-root MuiGrid-item MuiGrid-grid-xs-1 css-1osj8n2-MuiGrid-root"
        >
          <p
            class="MuiTypography-root MuiTypography-body1 css-f8hnn-MuiTypography-root"
          >
            Max
          </p>
        </div>
      </div>
      <div
        class="MuiBox-root css-1xn3edc"
      >
        <div>
          <input
            data-testid="threshold-slider"
            type="number"
          />
        </div>
      </div>
    </div>
  </div>,
  "debug": [Function],
  "findAllByAltText": [Function],
  "findAllByDisplayValue": [Function],
  "findAllByLabelText": [Function],
  "findAllByPlaceholderText": [Function],
  "findAllByRole": [Function],
  "findAllByTestId": [Function],
  "findAllByText": [Function],
  "findAllByTitle": [Function],
  "findByAltText": [Function],
  "findByDisplayValue": [Function],
  "findByLabelText": [Function],
  "findByPlaceholderText": [Function],
  "findByRole": [Function],
  "findByTestId": [Function],
  "findByText": [Function],
  "findByTitle": [Function],
  "getAllByAltText": [Function],
  "getAllByDisplayValue": [Function],
  "getAllByLabelText": [Function],
  "getAllByPlaceholderText": [Function],
  "getAllByRole": [Function],
  "getAllByTestId": [Function],
  "getAllByText": [Function],
  "getAllByTitle": [Function],
  "getByAltText": [Function],
  "getByDisplayValue": [Function],
  "getByLabelText": [Function],
  "getByPlaceholderText": [Function],
  "getByRole": [Function],
  "getByTestId": [Function],
  "getByText": [Function],
  "getByTitle": [Function],
  "queryAllByAltText": [Function],
  "queryAllByDisplayValue": [Function],
  "queryAllByLabelText": [Function],
  "queryAllByPlaceholderText": [Function],
  "queryAllByRole": [Function],
  "queryAllByTestId": [Function],
  "queryAllByText": [Function],
  "queryAllByTitle": [Function],
  "queryByAltText": [Function],
  "queryByDisplayValue": [Function],
  "queryByLabelText": [Function],
  "queryByPlaceholderText": [Function],
  "queryByRole": [Function],
  "queryByTestId": [Function],
  "queryByText": [Function],
  "queryByTitle": [Function],
  "rerender": [Function],
  "unmount": [Function],
}
`;
