// Jest Snapshot v1, https://goo.gl/fbAQLP

exports[`Products Snapshot Deve corresponder ao Snapshot 1`] = `
Object {
  "asFragment": [Function],
  "baseElement": <body>
    <div>
      <div
        class="MuiContainer-root MuiContainer-maxWidthLg css-1oqqzyl-MuiContainer-root"
      >
        <div
          class="MuiBox-root css-j7qwjs"
        >
          <div
            class="MuiBox-root css-f13xwn"
          >
            <h4
              class="MuiTypography-root MuiTypography-h4 css-obdthj-MuiTypography-root"
            >
              Hi
            </h4>
            <h4
              class="MuiTypography-root MuiTypography-h4 css-1yvpk5c-MuiTypography-root"
            >
              User
            </h4>
          </div>
          <div
            class="MuiBox-root css-2imjyh"
          />
        </div>
      </div>
    </div>
  </body>,
  "container": <div>
    <div
      class="MuiContainer-root MuiContainer-maxWidthLg css-1oqqzyl-MuiContainer-root"
    >
      <div
        class="MuiBox-root css-j7qwjs"
      >
        <div
          class="MuiBox-root css-f13xwn"
        >
          <h4
            class="MuiTypography-root MuiTypography-h4 css-obdthj-MuiTypography-root"
          >
            Hi
          </h4>
          <h4
            class="MuiTypography-root MuiTypography-h4 css-1yvpk5c-MuiTypography-root"
          >
            User
          </h4>
        </div>
        <div
          class="MuiBox-root css-2imjyh"
        />
      </div>
    </div>
  </div>,
  "debug": [Function],
  "findAllByAltText": [Function],
  "findAllByDisplayValue": [Function],
  "findAllByLabelText": [Function],
  "findAllByPlaceholderText": [Function],
  "findAllByRole": [Function],
  "findAllByTestId": [Function],
  "findAllByText": [Function],
  "findAllByTitle": [Function],
  "findByAltText": [Function],
  "findByDisplayValue": [Function],
  "findByLabelText": [Function],
  "findByPlaceholderText": [Function],
  "findByRole": [Function],
  "findByTestId": [Function],
  "findByText": [Function],
  "findByTitle": [Function],
  "getAllByAltText": [Function],
  "getAllByDisplayValue": [Function],
  "getAllByLabelText": [Function],
  "getAllByPlaceholderText": [Function],
  "getAllByRole": [Function],
  "getAllByTestId": [Function],
  "getAllByText": [Function],
  "getAllByTitle": [Function],
  "getByAltText": [Function],
  "getByDisplayValue": [Function],
  "getByLabelText": [Function],
  "getByPlaceholderText": [Function],
  "getByRole": [Function],
  "getByTestId": [Function],
  "getByText": [Function],
  "getByTitle": [Function],
  "queryAllByAltText": [Function],
  "queryAllByDisplayValue": [Function],
  "queryAllByLabelText": [Function],
  "queryAllByPlaceholderText": [Function],
  "queryAllByRole": [Function],
  "queryAllByTestId": [Function],
  "queryAllByText": [Function],
  "queryAllByTitle": [Function],
  "queryByAltText": [Function],
  "queryByDisplayValue": [Function],
  "queryByLabelText": [Function],
  "queryByPlaceholderText": [Function],
  "queryByRole": [Function],
  "queryByTestId": [Function],
  "queryByText": [Function],
  "queryByTitle": [Function],
  "rerender": [Function],
  "unmount": [Function],
}
`;
